// Jest Snapshot v1, https://goo.gl/fbAQLP

exports[`Rendering to HTML markup should return a single HTML markup string 1`] = `
"<style type=\\"text/css\\" data-fela-rehydration=\\"6\\" data-fela-type=\\"STATIC\\">
    * {
        box-sizing: border-box
    }

    div {
        display: flex
    }
</style>
<style type=\\"text/css\\" data-fela-rehydration=\\"6\\" data-fela-type=\\"RULE\\">
    .a {
        color: red
    }
</style>
<style type=\\"text/css\\" data-fela-rehydration=\\"6\\" data-fela-type=\\"RULE\\" data-fela-support=\\"true\\">
    @supports (display:flex) {
        .b {
            color: yellow
        }
    }

    @supports (display:grid) {
        .c {
            color: brown
        }
    }
</style>
<style type=\\"text/css\\" data-fela-rehydration=\\"6\\" data-fela-type=\\"RULE\\" media=\\"(min-height: 300px)\\">
    .d {
        color: blue
    }
</style>
<style type=\\"text/css\\" data-fela-rehydration=\\"6\\" data-fela-type=\\"RULE\\" data-fela-support=\\"true\\" media=\\"(min-height: 300px)\\">
    @supports (display:flex) {
        .e {
            color: green
        }
    }

    @supports (display:grid) {
        .f {
            color: black
        }
    }
</style>"
`;

exports[`Rendering to HTML markup should return a single HTML markup string 2`] = `
"<style type=\\"text/css\\" data-fela-rehydration=\\"12\\" data-fela-type=\\"RULE\\">
    .a {
        color: yellow
    }

    .i {
        color: grey
    }

    .j:hover {
        color: black
    }

    .b:hover {
        color: blue
    }

    .c:focus-within {
        color: blue
    }

    .k:focus-within {
        color: brown
    }

    .d:active {
        color: red
    }

    .l:active {
        color: white
    }
</style>
<style type=\\"text/css\\" data-fela-rehydration=\\"12\\" data-fela-type=\\"RULE\\" media=\\"(min-width: 300px)\\">
    .e {
        color: darkgrey
    }

    .g:hover {
        color: red
    }

    .h:focus-within {
        color: purple
    }

    .f:active {
        color: blue
    }
</style>"
`;
